// Jest Snapshot v1, https://goo.gl/fbAQLP

exports[`inject should throw when there is no container passed or global container set 1`] = `"Cannot find container, call setDefaultContainer to set globally or pass into inject"`;
